[socialproofo.com/demo/index.html]
[backblue.gif]
[fade.gif]
[index.html]
[socialproofo.com/demo/uploads/favicon/f9ab739e0e0982a8b98ecd6e7506656e.png]
[socialproofo.com/demo/themes/altum/assets/css/bootstrap-dark.min1eb2.css]
[socialproofo.com/demo/themes/altum/assets/css/custom1eb2.css]
[socialproofo.com/demo/themes/altum/assets/css/animate.min1eb2.css]
[socialproofo.com/demo/themes/altum/assets/css/aos.min.css]
[socialproofo.com/demo/themes/altum/assets/css/pixel.css]
[socialproofo.com/demo/uploads/logo/logo.png]
[socialproofo.com/demo/login.html]
[socialproofo.com/demo/register.html]
[socialproofo.com/demo/register2a93.html]
[socialproofo.com/demo/register60d4.html]
[socialproofo.com/demo/register646b.html]
[socialproofo.com/demo/page/terms-of-service.html]
[socialproofo.com/demo/page/create-campaign.html]
[socialproofo.com/demo/page/create-notification.html]
[socialproofo.com/demo/page/install-script.html]
[socialproofo.com/demo/page/who-are-we.html]
[socialproofo.com/demo/themes/altum/assets/js/libraries/jquery.min1eb2.js]
[socialproofo.com/demo/themes/altum/assets/js/libraries/popper.min1eb2.js]
[socialproofo.com/demo/themes/altum/assets/js/libraries/bootstrap.min1eb2.js]
[socialproofo.com/demo/themes/altum/assets/js/main1eb2.js]
[socialproofo.com/demo/themes/altum/assets/js/functions1eb2.js]
[socialproofo.com/demo/themes/altum/assets/js/libraries/fontawesome.min1eb2.js]
[socialproofo.com/demo/themes/altum/assets/js/libraries/fontawesome-solid.min1eb2.js]
[socialproofo.com/demo/themes/altum/assets/js/libraries/fontawesome-brands.modified1eb2.js]
[socialproofo.com/demo/index.html]
[socialproofo.com/demo/themes/altum/assets/js/libraries/aos.min.js]
[socialproofo.com/demo/themes/altum/assets/css/bootstrap-dark.min1eb2.css]
[socialproofo.com/demo/themes/altum/assets/css/custom1eb2.css]
[socialproofo.com/demo/themes/altum/assets/css/animate.min1eb2.css]
[socialproofo.com/demo/themes/altum/assets/css/aos.min.css]
[socialproofo.com/demo/themes/altum/assets/css/pixel.css]
[socialproofo.com/demo/pixel/socialproofo]
[socialproofo.com/demo/https_.html]
[socialproofo.com/demo/themes/altum/assets/css/pixel1eb2.css]
[socialproofo.com/demo/lost-password.html]
[socialproofo.com/demo/resend-activation.html]
[socialproofo.com/demo/login.html]
[socialproofo.com/demo/register.html]
[socialproofo.com/demo/themes/altum/assets/images/emojis/angry.svg]
[socialproofo.com/demo/themes/altum/assets/images/emojis/sad.svg]
[socialproofo.com/demo/themes/altum/assets/images/emojis/neutral.svg]
[socialproofo.com/demo/themes/altum/assets/images/emojis/happy.svg]
[socialproofo.com/demo/themes/altum/assets/images/emojis/excited.svg]
[socialproofo.com/demo/themes/altum/assets/images/shopify_logo.svg]
[socialproofo.com/demo/themes/altum/assets/images/worpress_logo.svg]
[socialproofo.com/demo/themes/altum/assets/images/zapier_logo.svg]
[socialproofo.com/demo/themes/altum/assets/images/squarespace_logo.svg]
[socialproofo.com/demo/register2a93.html]
[socialproofo.com/demo/register60d4.html]
[socialproofo.com/demo/register646b.html]
[socialproofo.com/demo/pages.html]
[socialproofo.com/demo/pages/legal.html]
[socialproofo.com/demo/page/terms-of-service.html]
[socialproofo.com/demo/pages/getting-started.html]
[socialproofo.com/demo/page/create-campaign.html]
[socialproofo.com/demo/page/create-notification.html]
[socialproofo.com/demo/page/install-script.html]
[socialproofo.com/demo/pages/about-us.html]
[socialproofo.com/demo/page/who-are-we.html]
[socialproofo.com/demo/themes/altum/assets/css/pixel1eb2.css]
[socialproofo.com/demo/lost-password.html]
[socialproofo.com/demo/resend-activation.html]
[socialproofo.com/demo/pages.html]
[socialproofo.com/demo/pages/legal.html]
[socialproofo.com/demo/pages/getting-started.html]
[socialproofo.com/demo/pages/about-us.html]
